<?xml version="1.0" encoding="UTF-8"?>
<testsuites name="jest tests" tests="2" failures="0" time="2.993">
  <testsuite name="undefined" errors="0" failures="0" skipped="0" timestamp="2023-09-06T17:58:33" time="2.261" tests="2">
    <testcase classname=" App renders correctly" name=" App renders correctly" time="0.036">
    </testcase>
    <testcase classname=" Switching between slides works as expected" name=" Switching between slides works as expected" time="0.051">
    </testcase>
  </testsuite>
</testsuites>